Microchip MPLAB XC8 Compiler V1.30 ()

Linker command line:

--edf=C:\Program Files (x86)\Microchip\xc8\v1.30\dat\en_msgs.txt -cs \
  -h+dist/default/production\coordonateur_GPRS.X.production.sym \
  --cmf=dist/default/production\coordonateur_GPRS.X.production.cmf -z \
  -Q18F47J13 -oC:\Users\nitro\AppData\Local\Temp\s6vg.6 \
  -Mdist/default/production/coordonateur_GPRS.X.production.map -E1 -ver=XC8 \
  -ASTACK=0DD4h-0eafh -pstack=STACK -ACODE=00h-01FFF7h -ACONST=00h-01FFF7h \
  -ASMALLCONST=0F00h-0FFFhx496,01FF00h-01FFF7h \
  -AMEDIUMCONST=0F00h-0FFFFh,010F00h-01FFF7h -ACOMRAM=01h-05Fh \
  -AABS1=00h-0EAFh -ABIGRAM=01h-0EAFh \
  -ARAM=060h-0FFh,0100h-01FFhx13,0E00h-0EAFh -ABANK0=060h-0FFh \
  -ABANK1=0100h-01FFh -ABANK2=0200h-02FFh -ABANK3=0300h-03FFh \
  -ABANK4=0400h-04FFh -ABANK5=0500h-05FFh -ABANK6=0600h-06FFh \
  -ABANK7=0700h-07FFh -ABANK8=0800h-08FFh -ABANK9=0900h-09FFh \
  -ABANK10=0A00h-0AFFh -ABANK11=0B00h-0BFFh -ABANK12=0C00h-0CFFh \
  -ABANK13=0D00h-0DFFh -ABANK14=0E00h-0EAFh \
  -ASFR=0EB0h-0EFFh,0F00h-0F5Fh,0F60h-0FFFh \
  -preset_vec=00h,intcode=08h,intcodelo=018h,powerup,init,end_init \
  -pramtop=0F00h -psmallconst=SMALLCONST -pmediumconst=MEDIUMCONST \
  -pconst=CONST -AFARRAM=00h-00h -ACONFIG=01FFF8h-01FFFFh -pconfig=CONFIG \
  -pjflash_buffer=01F800h \
  -prdata=COMRAM,nvrram=COMRAM,nvbit=COMRAM,rbss=COMRAM,rbit=COMRAM \
  -pfarbss=FARRAM,fardata=FARRAM,nvFARRAM=FARRAM \
  -pintsave_regs=BIGRAM,bigbss=BIGRAM,bigdata=BIGRAM -pbss=RAM \
  -pidata=CODE,irdata=CODE,ibigdata=CODE,ifardata=CODE \
  C:\Users\nitro\AppData\Local\Temp\s6vg.obj \
  dist/default/production\coordonateur_GPRS.X.production.obj 

Object code version is 3.11

Machine type is 18F47J13

Call graph: (short form)




                Name                               Link     Load   Length Selector   Space Scale
C:\Users\nitro\AppData\Local\Temp\s6vg.obj
                end_init                             A2       A2        4        C       0
                reset_vec                             0        0        4        0       0
                config                            1FFF8    1FFF8        8    1FFF8       0
dist/default/production\coordonateur_GPRS.X.production.obj
                intcodelo                            18       18       8A        C       0
                intcode                               8        8        C        4       0
                mediumconst                        FD90     FD90      270     7EC8       0
                text36                            14F50    14F50       1E     8000       0
                text35                            14F32    14F32       1E     8000       0
                intcode_body                      144D6    144D6      10C     8000       0
                text32                            14DD2    14DD2       62     8000       0
                text31                            14BFE    14BFE       7C     8000       0
                text30                            139BE    139BE      594     8000       0
                text29                            14940    14940       AA     8000       0
                text28                            14E34    14E34       60     8000       0
                text27                            149EA    149EA       8A     8000       0
                text26                            146D4    146D4       DA     8000       0
                text25                            14D62    14D62       70     8000       0
                text24                            14FDA    14FDA       14     8000       0
                text23                            14FEE    14FEE        C     8000       0
                text22                            1435C    1435C      17A     8000       0
                text21                            10000    10000     1684     8000       0
                text20                            14FC6    14FC6       14     8000       0
                text19                            14FB2    14FB2       14     8000       0
                text18                            14F9E    14F9E       14     8000       0
                text17                            13F52    13F52      28C     8000       0
                text16                            14880    14880       C0     8000       0
                text15                            12DE8    12DE8      5FA     8000       0
                text14                            14F8A    14F8A       14     8000       0
                text13                            14EE2    14EE2       2E     8000       0
                text12                            14F6E    14F6E       1C     8000       0
                text11                            1233C    1233C      AAC     8000       0
                text10                            14AFA    14AFA       84     8000       0
                text9                             14F10    14F10       22     8000       0
                text8                             11684    11684      CB8     8000       0
                text7                             147AE    147AE       D2     8000       0
                text6                             133E2    133E2      5DC     8000       0
                text5                             14B7E    14B7E       80     8000       0
                text4                             14E94    14E94       4E     8000       0
                text3                             14A74    14A74       86     8000       0
                text2                             14CEE    14CEE       74     8000       0
                text1                             145E2    145E2       F2     8000       0
                text0                             141DE    141DE      17E     8000       0
                cstackCOMRAM                          1        1       20        1       1
                cstackBANK0                          C2       C2       2E       60       1
                cstackBANK1                         1BC      1BC       2A      100       1
                bssBIGRAM                           280      280      B54      280       1
                bssBANK2                            200      200       80      200       1
                bssBANK1                            100      100       BC      100       1
                dataBANK0                            F0       F0        2       60       1
                bssBANK0                             60       60       62       60       1
                dataCOMRAM                           40       40        1        1       1
                bssCOMRAM                            21       21       1F        1       1
                cinit                             14C7A    14C7A       74     8000       0
                idataBANK0                        14FFA    14FFA        2     8000       0
                idataCOMRAM                       14FFC    14FFC        1     8000       0

TOTAL           Name                               Link     Load   Length     Space
        CLASS   STACK          

        CLASS   CODE           
                end_init                             A2       A2        4         0
                intcodelo                            18       18       8A         0
                intcode                               8        8        C         0
                reset_vec                             0        0        4         0
                text36                            14F50    14F50       1E         0
                text35                            14F32    14F32       1E         0
                intcode_body                      144D6    144D6      10C         0
                text32                            14DD2    14DD2       62         0
                text31                            14BFE    14BFE       7C         0
                text30                            139BE    139BE      594         0
                text29                            14940    14940       AA         0
                text28                            14E34    14E34       60         0
                text27                            149EA    149EA       8A         0
                text26                            146D4    146D4       DA         0
                text25                            14D62    14D62       70         0
                text24                            14FDA    14FDA       14         0
                text23                            14FEE    14FEE        C         0
                text22                            1435C    1435C      17A         0
                text21                            10000    10000     1684         0
                text20                            14FC6    14FC6       14         0
                text19                            14FB2    14FB2       14         0
                text18                            14F9E    14F9E       14         0
                text17                            13F52    13F52      28C         0
                text16                            14880    14880       C0         0
                text15                            12DE8    12DE8      5FA         0
                text14                            14F8A    14F8A       14         0
                text13                            14EE2    14EE2       2E         0
                text12                            14F6E    14F6E       1C         0
                text11                            1233C    1233C      AAC         0
                text10                            14AFA    14AFA       84         0
                text9                             14F10    14F10       22         0
                text8                             11684    11684      CB8         0
                text7                             147AE    147AE       D2         0
                text6                             133E2    133E2      5DC         0
                text5                             14B7E    14B7E       80         0
                text4                             14E94    14E94       4E         0
                text3                             14A74    14A74       86         0
                text2                             14CEE    14CEE       74         0
                text1                             145E2    145E2       F2         0
                text0                             141DE    141DE      17E         0
                cinit                             14C7A    14C7A       74         0
                idataBANK0                        14FFA    14FFA        2         0
                idataCOMRAM                       14FFC    14FFC        1         0

        CLASS   CONST          

        CLASS   SMALLCONST     

        CLASS   MEDIUMCONST    
                mediumconst                        FD90     FD90      270         0

        CLASS   COMRAM         
                cstackCOMRAM                          1        1       20         1
                dataCOMRAM                           40       40        1         1
                bssCOMRAM                            21       21       1F         1

        CLASS   ABS1           

        CLASS   BIGRAM         
                bssBIGRAM                           280      280      B54         1

        CLASS   RAM            

        CLASS   BANK0          
                cstackBANK0                          C2       C2       2E         1
                dataBANK0                            F0       F0        2         1
                bssBANK0                             60       60       62         1

        CLASS   BANK1          
                cstackBANK1                         1BC      1BC       2A         1
                bssBANK1                            100      100       BC         1

        CLASS   BANK2          
                bssBANK2                            200      200       80         1

        CLASS   BANK3          

        CLASS   BANK4          

        CLASS   BANK5          

        CLASS   BANK6          

        CLASS   BANK7          

        CLASS   BANK8          

        CLASS   BANK9          

        CLASS   BANK10         

        CLASS   BANK11         

        CLASS   BANK12         

        CLASS   BANK13         

        CLASS   BANK14         

        CLASS   SFR            

        CLASS   FARRAM         

        CLASS   CONFIG         
                config                            1FFF8    1FFF8        8         0

        CLASS   IDLOC          



SEGMENTS        Name                           Load    Length   Top    Selector   Space  Class

                reset_vec                      000000  000004  000004         0       0  CODE    
                cstackCOMRAM                   000001  000040  000041         1       1  COMRAM  
                intcode                        000008  00000C  000014         4       0  CODE    
                intcodelo                      000018  00008E  0000A6         C       0  CODE    
                bssBANK0                       000060  000092  0000F2        60       1  BANK0   
                bssBANK1                       000100  0000E6  0001E6       100       1  BANK1   
                bssBANK2                       000200  000080  000280       200       1  BANK2   
                bssBIGRAM                      000280  000B54  000DD4       280       1  BIGRAM  
                mediumconst                    00FD90  000270  010000      7EC8       0  MEDIUMCO
                text21                         010000  004FFD  014FFD      8000       0  CODE    
                config                         01FFF8  000008  020000     1FFF8       0  CONFIG  


UNUSED ADDRESS RANGES

        Name                Unused          Largest block    Delta
        BANK0            000F2-000FF               E
        BANK1            001E6-001FF              1A
        BANK13           00DD4-00DFF              2C
        BANK14           00E00-00EAF              B0
        BIGRAM           00041-0005F              1F
                         000F2-000FF               E
                         001E6-001FF              1A
                         00DD4-00EAF              DC
        CODE             00004-00007               4
                         00014-00017               4
                         000A6-0FD8F            FCEA
                         14FFD-1FFF7            AFFB
        COMRAM           00041-0005F              1F
        CONST            00004-00007               4
                         00014-00017               4
                         000A6-0FD8F            FCEA
                         14FFD-1FFF7            AFFB
        MEDIUMCONST      00F00-0FD8F            EE90
                         14FFD-1FFF7            AFFB
        RAM              000F2-000FF               E
                         001E6-001FF              1A
                         00DD4-00EAF              2C
        SFR              00EB0-00FFF              60
        SMALLCONST       00F00-0FD8F             100
                         14FFD-1FFF7             100
        STACK            00DD4-00EAF              DC

                                  Symbol Table

?___lwdiv                                cstackBANK0   000C2
?___lwmod                                cstackBANK0   000C2
?___wmul                                 cstackBANK0   000C2
?_sprintf                                cstackBANK0   000C8
?_strlen                                 cstackBANK0   000C8
ClearMemory@erase                        cstackBANK0   000D2
ClearMemory@erase_1122                   cstackBANK0   000D4
ClearMemory@erase_1123                   cstackBANK0   000D6
ClearMemory@erase_1124                   cstackBANK0   000D8
ClearMemory@g                            cstackBANK0   000DA
Open1USART@config                        cstackBANK0   000C7
Open1USART@spbrg                         cstackBANK0   000C2
Open2USART@config                        cstackBANK0   000C7
Open2USART@spbrg                         cstackBANK0   000C2
POST@F9759                               bssBANK0      00074
POST@STrLenghC                           cstackBANK0   000E0
POST@STrLenghI                           cstackBANK0   000E4
POST@erase                               cstackBANK0   000E6
POST@v                                   cstackBANK0   000E8
Read1USART@data                          cstackCOMRAM  00012
Read2USART@data                          cstackCOMRAM  00012
STrLengh@F9790                           bssBANK0      00060
Write1USART@data                         cstackBANK0   000C2
Write2USART@data                         cstackBANK0   000C2
_ANCON0bits                              (abs)         00F48
_ChecksumReceived                        bssBANK0      00078
_ClearMemory                             text30        139BE
_Ctime                                   bssCOMRAM     00021
_CtoS                                    bssBANK0      000C0
_EECON2                                  (abs)         00FA7
_INTCON2bits                             (abs)         00FF1
_INTCONbits                              (abs)         00FF2
_Open1USART                              text5         14B7E
_Open2USART                              text3         14A74
_PIE1bits                                (abs)         00F9D
_PIE3bits                                (abs)         00FA3
_PIR1bits                                (abs)         00F9E
_PIR3bits                                (abs)         00FA4
_PORTBbits                               (abs)         00F81
_PORTCbits                               (abs)         00F82
_POST                                    text15        12DE8
_PPSCON                                  (abs)         00EBF
_RCONbits                                (abs)         00FD0
_RCREG1                                  (abs)         00FAF
_RCREG2                                  (abs)         00FAA
_RCSTA1                                  (abs)         00FAC
_RCSTA1bits                              (abs)         00FAC
_RCSTA2                                  (abs)         00F9C
_RCSTA2bits                              (abs)         00F9C
_RPINR16                                 (abs)         00EF7
_RPOR8                                   (abs)         00EC8
_RTCCAL                                  (abs)         00F3E
_RTCCFG                                  (abs)         00F3F
_RTCCFGbits                              (abs)         00F3F
_Read1USART                              text36        14F50
_Read2USART                              text35        14F32
_RtccInitClock                           text13        14EE2
_RtccWrOn                                text14        14F8A
_SPBRG1                                  (abs)         00FB0
_SPBRG2                                  (abs)         00FAB
_SPBRGH1                                 (abs)         00F7F
_SPBRGH2                                 (abs)         00F7D
_T0CON                                   (abs)         00FD5
_T0CONbits                               (abs)         00FD5
_T1CONbits                               (abs)         00FCD
_TMR0H                                   (abs)         00FD7
_TMR0L                                   (abs)         00FD6
_TRISAbits                               (abs)         00F92
_TRISBbits                               (abs)         00F93
_TRISCbits                               (abs)         00F94
_TXREG1                                  (abs)         00FAE
_TXREG2                                  (abs)         00FA9
_TXSTA1                                  (abs)         00FAD
_TXSTA1bits                              (abs)         00FAD
_TXSTA2                                  (abs)         00FA8
_TXSTA2bits                              (abs)         00FA8
_USART1_Status                           bssCOMRAM     0002F
_USART2_Status                           bssCOMRAM     00030
_VERROR_E                                bssCOMRAM     00031
_VERROR_O                                bssCOMRAM     00032
_VERROR_R                                bssCOMRAM     00033
_VFC                                     bssBANK0      00092
_VKA                                     bssCOMRAM     00034
_VO                                      bssCOMRAM     00035
_VOK                                     dataBANK0     000F0
_VPH                                     bssBANK0      00093
_VPOST                                   bssBANK0      00094
_VSOH                                    bssCOMRAM     00036
_VSOok                                   bssCOMRAM     00037
_Vg                                      bssBANK0      00095
_Vo                                      bssBANK0      00096
_VpowerSensor                            dataCOMRAM    00040
_Vq                                      bssBANK0      00097
_VstartReady                             bssCOMRAM     00038
_Vstarta                                 bssCOMRAM     00039
_Vstartd                                 bssCOMRAM     0003A
_Vstarte                                 bssCOMRAM     0003B
_VtrameReceived                          bssBANK0      00098
_Vu                                      bssBANK0      00099
_Vy                                      bssBANK0      0009A
_Write1USART                             text19        14FB2
_Write2USART                             text24        14FDA
__CFG_ADCSEL$BIT12                       (abs)         00000
__CFG_CFGPLLEN$OFF                       (abs)         00000
__CFG_CLKOEC$ON                          (abs)         00000
__CFG_CP0$OFF                            (abs)         00000
__CFG_DSBOREN$OFF                        (abs)         00000
__CFG_DSWDTEN$OFF                        (abs)         00000
__CFG_DSWDTOSC$INTOSCREF                 (abs)         00000
__CFG_DSWDTPS$8192                       (abs)         00000
__CFG_FCMEN$ON                           (abs)         00000
__CFG_IESO$ON                            (abs)         00000
__CFG_IOL1WAY$ON                         (abs)         00000
__CFG_MSSP7B_EN$MSK7                     (abs)         00000
__CFG_OSC$HS                             (abs)         00000
__CFG_PLLDIV$1                           (abs)         00000
__CFG_PLLSEL$PLL4X                       (abs)         00000
__CFG_RTCOSC$INTOSCREF                   (abs)         00000
__CFG_SOSCSEL$HIGH                       (abs)         00000
__CFG_STVREN$ON                          (abs)         00000
__CFG_WDTEN$OFF                          (abs)         00000
__CFG_WDTPS$32768                        (abs)         00000
__CFG_WPCFG$OFF                          (abs)         00000
__CFG_WPDIS$OFF                          (abs)         00000
__CFG_WPEND$PAGE_WPFP                    (abs)         00000
__CFG_WPFP$PAGE_63                       (abs)         00000
__CFG_XINST$OFF                          (abs)         00000
__HRAM                                   (abs)         00000
__Habs1                                  abs1          00000
__Hbank0                                 bank0         00000
__Hbank1                                 bank1         00000
__Hbank10                                bank10        00000
__Hbank11                                bank11        00000
__Hbank12                                bank12        00000
__Hbank13                                bank13        00000
__Hbank14                                bank14        00000
__Hbank2                                 bank2         00000
__Hbank3                                 bank3         00000
__Hbank4                                 bank4         00000
__Hbank5                                 bank5         00000
__Hbank6                                 bank6         00000
__Hbank7                                 bank7         00000
__Hbank8                                 bank8         00000
__Hbank9                                 bank9         00000
__Hbigbss                                bigbss        00000
__Hbigdata                               bigdata       00000
__Hbigram                                bigram        00000
__Hbss                                   bss           00000
__HbssBANK0                              bssBANK0      00000
__HbssBANK1                              bssBANK1      00000
__HbssBANK2                              bssBANK2      00000
__HbssBIGRAM                             bssBIGRAM     00000
__HbssCOMRAM                             bssCOMRAM     00000
__Hcinit                                 cinit         00000
__Hclrtext                               clrtext       00000
__Hcomram                                comram        00000
__Hconfig                                config        20000
__Hconst                                 const         00000
__HcstackBANK0                           cstackBANK0   00000
__HcstackBANK1                           cstackBANK1   00000
__HcstackCOMRAM                          cstackCOMRAM  00000
__Hdata                                  data          00000
__HdataBANK0                             dataBANK0     00000
__HdataCOMRAM                            dataCOMRAM    00000
__Hend_init                              end_init      000A6
__Hfarbss                                farbss        00000
__Hfardata                               fardata       00000
__Hibigdata                              ibigdata      00000
__Hidata                                 idata         00000
__HidataBANK0                            idataBANK0    00000
__HidataCOMRAM                           idataCOMRAM   00000
__Hidloc                                 idloc         00000
__Hifardata                              ifardata      00000
__Hinit                                  init          000A2
__Hintcode                               intcode       00014
__Hintcode_body                          intcode_body  00000
__Hintcodelo                             intcodelo     000A2
__Hintentry                              intentry      00000
__Hintret                                intret        00000
__Hintsave_regs                          intsave_regs  00000
__Hirdata                                irdata        00000
__Hjflash_buffer                         jflash_buffer 1F800
__Hmediumconst                           mediumconst   10000
__HnvFARRAM                              nvFARRAM      00000
__Hnvbit                                 nvbit         00000
__Hnvrram                                nvrram        00000
__Hparam                                 rparam        00000
__Hpowerup                               powerup       000A2
__Hram                                   ram           00000
__Hramtop                                ramtop        00F00
__Hrbit                                  rbit          00000
__Hrbss                                  rbss          00000
__Hrdata                                 rdata         00000
__Hreset_vec                             reset_vec     00004
__Hrparam                                rparam        00000
__Hsfr                                   sfr           00000
__Hsmallconst                            smallconst    00000
__Hstack                                 stack         00000
__Hstruct                                struct        00000
__Htemp                                  temp          00000
__Htext                                  text          00000
__Htext0                                 text0         00000
__Htext1                                 text1         00000
__Htext10                                text10        00000
__Htext11                                text11        00000
__Htext12                                text12        00000
__Htext13                                text13        00000
__Htext14                                text14        00000
__Htext15                                text15        00000
__Htext16                                text16        00000
__Htext17                                text17        00000
__Htext18                                text18        00000
__Htext19                                text19        00000
__Htext2                                 text2         00000
__Htext20                                text20        00000
__Htext21                                text21        00000
__Htext22                                text22        00000
__Htext23                                text23        00000
__Htext24                                text24        00000
__Htext25                                text25        00000
__Htext26                                text26        00000
__Htext27                                text27        00000
__Htext28                                text28        00000
__Htext29                                text29        00000
__Htext3                                 text3         00000
__Htext30                                text30        00000
__Htext31                                text31        00000
__Htext32                                text32        00000
__Htext35                                text35        00000
__Htext36                                text36        00000
__Htext4                                 text4         00000
__Htext5                                 text5         00000
__Htext6                                 text6         00000
__Htext7                                 text7         00000
__Htext8                                 text8         00000
__Htext9                                 text9         00000
__LRAM                                   (abs)         00001
__Labs1                                  abs1          00000
__Lbank0                                 bank0         00000
__Lbank1                                 bank1         00000
__Lbank10                                bank10        00000
__Lbank11                                bank11        00000
__Lbank12                                bank12        00000
__Lbank13                                bank13        00000
__Lbank14                                bank14        00000
__Lbank2                                 bank2         00000
__Lbank3                                 bank3         00000
__Lbank4                                 bank4         00000
__Lbank5                                 bank5         00000
__Lbank6                                 bank6         00000
__Lbank7                                 bank7         00000
__Lbank8                                 bank8         00000
__Lbank9                                 bank9         00000
__Lbigbss                                bigbss        00000
__Lbigdata                               bigdata       00000
__Lbigram                                bigram        00000
__Lbss                                   bss           00000
__LbssBANK0                              bssBANK0      00000
__LbssBANK1                              bssBANK1      00000
__LbssBANK2                              bssBANK2      00000
__LbssBIGRAM                             bssBIGRAM     00000
__LbssCOMRAM                             bssCOMRAM     00000
__Lcinit                                 cinit         00000
__Lclrtext                               clrtext       00000
__Lcomram                                comram        00000
__Lconfig                                config        1FFF8
__Lconst                                 const         00000
__LcstackBANK0                           cstackBANK0   00000
__LcstackBANK1                           cstackBANK1   00000
__LcstackCOMRAM                          cstackCOMRAM  00000
__Ldata                                  data          00000
__LdataBANK0                             dataBANK0     00000
__LdataCOMRAM                            dataCOMRAM    00000
__Lend_init                              end_init      000A2
__Lfarbss                                farbss        00000
__Lfardata                               fardata       00000
__Libigdata                              ibigdata      00000
__Lidata                                 idata         00000
__LidataBANK0                            idataBANK0    00000
__LidataCOMRAM                           idataCOMRAM   00000
__Lidloc                                 idloc         00000
__Lifardata                              ifardata      00000
__Linit                                  init          000A2
__Lintcode                               intcode       00008
__Lintcode_body                          intcode_body  00000
__Lintcodelo                             intcodelo     00018
__Lintentry                              intentry      00000
__Lintret                                intret        00000
__Lintsave_regs                          intsave_regs  00000
__Lirdata                                irdata        00000
__Ljflash_buffer                         jflash_buffer 1F800
__Lmediumconst                           mediumconst   0FD90
__LnvFARRAM                              nvFARRAM      00000
__Lnvbit                                 nvbit         00000
__Lnvrram                                nvrram        00000
__Lparam                                 rparam        00000
__Lpowerup                               powerup       000A2
__Lram                                   ram           00000
__Lramtop                                ramtop        00F00
__Lrbit                                  rbit          00000
__Lrbss                                  rbss          00000
__Lrdata                                 rdata         00000
__Lreset_vec                             reset_vec     00000
__Lrparam                                rparam        00000
__Lsfr                                   sfr           00000
__Lsmallconst                            smallconst    00000
__Lstack                                 stack         00000
__Lstruct                                struct        00000
__Ltemp                                  temp          00000
__Ltext                                  text          00000
__Ltext0                                 text0         00000
__Ltext1                                 text1         00000
__Ltext10                                text10        00000
__Ltext11                                text11        00000
__Ltext12                                text12        00000
__Ltext13                                text13        00000
__Ltext14                                text14        00000
__Ltext15                                text15        00000
__Ltext16                                text16        00000
__Ltext17                                text17        00000
__Ltext18                                text18        00000
__Ltext19                                text19        00000
__Ltext2                                 text2         00000
__Ltext20                                text20        00000
__Ltext21                                text21        00000
__Ltext22                                text22        00000
__Ltext23                                text23        00000
__Ltext24                                text24        00000
__Ltext25                                text25        00000
__Ltext26                                text26        00000
__Ltext27                                text27        00000
__Ltext28                                text28        00000
__Ltext29                                text29        00000
__Ltext3                                 text3         00000
__Ltext30                                text30        00000
__Ltext31                                text31        00000
__Ltext32                                text32        00000
__Ltext35                                text35        00000
__Ltext36                                text36        00000
__Ltext4                                 text4         00000
__Ltext5                                 text5         00000
__Ltext6                                 text6         00000
__Ltext7                                 text7         00000
__Ltext8                                 text8         00000
__Ltext9                                 text9         00000
__S0                                     (abs)         20000
__S1                                     (abs)         00DD4
__S2                                     (abs)         00000
___inthi_sp                              stack         00000
___intlo_sp                              stack         00000
___lwdiv                                 text29        14940
___lwdiv@counter                         cstackBANK0   000C7
___lwdiv@dividend                        cstackBANK0   000C2
___lwdiv@divisor                         cstackBANK0   000C4
___lwdiv@quotient                        cstackBANK0   000C8
___lwmod                                 text27        149EA
___lwmod@counter                         cstackBANK0   000C7
___lwmod@dividend                        cstackBANK0   000C2
___lwmod@divisor                         cstackBANK0   000C4
___sp                                    stack         00000
___wmul                                  text32        14DD2
___wmul@multiplicand                     cstackBANK0   000C4
___wmul@multiplier                       cstackBANK0   000C2
___wmul@product                          cstackBANK0   000C6
__accesstop                              (abs)         00060
__activetblptr                           (abs)         00003
__end_of_ClearMemory                     text30        13F52
__end_of_Open1USART                      text5         14BFE
__end_of_Open2USART                      text3         14AFA
__end_of_POST                            text15        133E2
__end_of_Read1USART                      text36        14F6E
__end_of_Read2USART                      text35        14F50
__end_of_RtccInitClock                   text13        14F10
__end_of_RtccWrOn                        text14        14F9E
__end_of_Write1USART                     text19        14FC6
__end_of_Write2USART                     text24        14FEE
__end_of___lwdiv                         text29        149EA
__end_of___lwmod                         text27        14A74
__end_of___wmul                          text32        14E34
__end_of__initialization                 cinit         14CE8
__end_of__stringdata                     mediumconst   0FFFF
__end_of_commun_delaiMS                  text28        14E94
__end_of_commun_initialisationRegistres  text12        14F8A
__end_of_executeBuffer                   text11        12DE8
__end_of_firstStartGSM                   text10        14B7E
__end_of_high_isr                        intcode_body  145E2
__end_of_initialisation_ActiverTimer0    text9         14F32
__end_of_itoa                            text25        14DD2
__end_of_low_isr                         intcodelo     000A2
__end_of_main                            text0         1435C
__end_of_readbuffer                      text8         1233C
__end_of_sendGSM                         text7         14880
__end_of_sendJsonDO                      text21        11684
__end_of_send_char1USART                 text18        14FB2
__end_of_send_char2USART                 text20        14FDA
__end_of_send_cr                         text23        14FFA
__end_of_sprintf                         text22        144D6
__end_of_startGSM                        text6         139BE
__end_of_strlen                          text31        14C7A
__end_of_usartConfig                     text4         14EE2
__end_of_usartConfig2                    text2         14D62
__end_of_utoa                            text26        147AE
__end_of_writeUsart1                     text1         146D4
__end_of_writeUsart1Trame                text17        141DE
__end_of_writeUsart2                     text16        14940
__initialization                         cinit         14C7A
__mediumconst                            mediumconst   0FD90
__pbssBANK0                              bssBANK0      00060
__pbssBANK1                              bssBANK1      00100
__pbssBANK2                              bssBANK2      00200
__pbssBIGRAM                             bssBIGRAM     00280
__pbssCOMRAM                             bssCOMRAM     00021
__pcinit                                 cinit         14C7A
__pcstackBANK0                           cstackBANK0   000C2
__pcstackBANK1                           cstackBANK1   001BC
__pcstackCOMRAM                          cstackCOMRAM  00001
__pdataBANK0                             dataBANK0     000F0
__pdataCOMRAM                            dataCOMRAM    00040
__pidataBANK0                            idataBANK0    14FFA
__pidataCOMRAM                           idataCOMRAM   14FFC
__pintcode                               intcode       00008
__pintcode_body                          intcode_body  144D6
__pintcodelo                             intcodelo     00018
__pmediumconst                           mediumconst   0FD90
__ptext0                                 text0         141DE
__ptext1                                 text1         145E2
__ptext10                                text10        14AFA
__ptext11                                text11        1233C
__ptext12                                text12        14F6E
__ptext13                                text13        14EE2
__ptext14                                text14        14F8A
__ptext15                                text15        12DE8
__ptext16                                text16        14880
__ptext17                                text17        13F52
__ptext18                                text18        14F9E
__ptext19                                text19        14FB2
__ptext2                                 text2         14CEE
__ptext20                                text20        14FC6
__ptext21                                text21        10000
__ptext22                                text22        1435C
__ptext23                                text23        14FEE
__ptext24                                text24        14FDA
__ptext25                                text25        14D62
__ptext26                                text26        146D4
__ptext27                                text27        149EA
__ptext28                                text28        14E34
__ptext29                                text29        14940
__ptext3                                 text3         14A74
__ptext30                                text30        139BE
__ptext31                                text31        14BFE
__ptext32                                text32        14DD2
__ptext35                                text35        14F32
__ptext36                                text36        14F50
__ptext4                                 text4         14E94
__ptext5                                 text5         14B7E
__ptext6                                 text6         133E2
__ptext7                                 text7         147AE
__ptext8                                 text8         11684
__ptext9                                 text9         14F10
__ramtop                                 ramtop        00F00
__size_of_ClearMemory                    (abs)         00000
__size_of_Open1USART                     (abs)         00000
__size_of_Open2USART                     (abs)         00000
__size_of_POST                           (abs)         00000
__size_of_Read1USART                     (abs)         00000
__size_of_Read2USART                     (abs)         00000
__size_of_RtccInitClock                  (abs)         00000
__size_of_RtccWrOn                       (abs)         00000
__size_of_Write1USART                    (abs)         00000
__size_of_Write2USART                    (abs)         00000
__size_of___lwdiv                        (abs)         00000
__size_of___lwmod                        (abs)         00000
__size_of___wmul                         (abs)         00000
__size_of_commun_delaiMS                 (abs)         00000
__size_of_commun_initialisationRegistres (abs)         00000
__size_of_executeBuffer                  (abs)         00000
__size_of_firstStartGSM                  (abs)         00000
__size_of_high_isr                       (abs)         00000
__size_of_initialisation_ActiverTimer0   (abs)         00000
__size_of_itoa                           (abs)         00000
__size_of_low_isr                        (abs)         00000
__size_of_main                           (abs)         00000
__size_of_readbuffer                     (abs)         00000
__size_of_sendGSM                        (abs)         00000
__size_of_sendJsonDO                     (abs)         00000
__size_of_send_char1USART                (abs)         00000
__size_of_send_char2USART                (abs)         00000
__size_of_send_cr                        (abs)         00000
__size_of_sprintf                        (abs)         00000
__size_of_startGSM                       (abs)         00000
__size_of_strlen                         (abs)         00000
__size_of_usartConfig                    (abs)         00000
__size_of_usartConfig2                   (abs)         00000
__size_of_utoa                           (abs)         00000
__size_of_writeUsart1                    (abs)         00000
__size_of_writeUsart1Trame               (abs)         00000
__size_of_writeUsart2                    (abs)         00000
__smallconst                             smallconst    00000
__stringdata                             mediumconst   0FD91
_buffer1Read                             bssBANK0      0007A
_buffer1Write                            bssCOMRAM     00023
_buffer2Read                             bssBANK0      0007C
_buffer2Write                            bssCOMRAM     00025
_bufferint1                              bssBANK1      00100
_bufferint2                              bssBANK2      00200
_checksumtoChesck                        bssBANK0      0007E
_commun_delaiMS                          text28        14E34
_commun_initialisationRegistres          text12        14F6E
_compteurTimer0                          bssCOMRAM     00027
_dataLenghtoReceived                     bssBANK0      00080
_dataToSend                              bssBIGRAM     00280
_executeBuffer                           text11        1233C
_firstStartGSM                           text10        14AFA
_high_isr                                intcode       00008
_howtimeIsIt                             bssCOMRAM     0003C
_idReceived                              bssCOMRAM     00029
_initialisation_ActiverTimer0            text9         14F10
_itoa                                    text25        14D62
_low_isr                                 intcodelo     00018
_main                                    text0         141DE
_mcPostGSM                               bssBANK0      00082
_mcStartGSM                              bssCOMRAM     0002B
_my_FrameReceived                        bssBIGRAM     0085C
_nbFrameDO                               bssBANK0      00084
_nbFrameEC                               bssBANK0      00086
_nbFramePH                               bssBANK0      00088
_nbFrameTDS                              bssBANK0      0008A
_nbOfChar                                bssCOMRAM     0002D
_readbuffer                              text8         11684
_readingTime                             bssBANK0      0008C
_rx                                      bssCOMRAM     0003D
_rx2                                     bssCOMRAM     0003E
_sendGSM                                 text7         147AE
_sendJsonDO                              text21        10000
_send_char1USART                         text18        14F9E
_send_char2USART                         text20        14FC6
_send_cr                                 text23        14FEE
_sprintf                                 text22        1435C
_startGSM                                text6         133E2
_strlen                                  text31        14BFE
_takeTime                                bssCOMRAM     0003F
_timeRE                                  dataBANK0     000F1
_timeReceived                            bssBANK1      00180
_timetoPost                              bssBANK0      0009B
_timetoPost2                             bssBANK0      000B6
_trameToParse                            bssBANK1      0019E
_usartConfig                             text4         14E94
_usartConfig2                            text2         14CEE
_utoa                                    text26        146D4
_valuTestCheckSum                        bssBANK0      0008E
_virguleRecu                             bssBANK0      00090
_writeUsart1                             text1         145E2
_writeUsart1Trame                        text17        13F52
_writeUsart2                             text16        14880
commun_delaiMS@i                         cstackBANK0   000CD
commun_delaiMS@ms                        cstackBANK0   000CA
end_of_initialization                    cinit         14CE8
executeBuffer@w                          cstackBANK0   000D3
executeBuffer@y                          cstackBANK0   000D5
int_func                                 intcode_body  144D6
intlevel0                                text          00000
intlevel1                                text          00000
intlevel2                                text          00000
intlevel3                                text          00000
itoa@base                                cstackBANK0   000D7
itoa@buf                                 cstackBANK0   000D3
itoa@cp                                  cstackBANK0   000D9
itoa@val                                 cstackBANK0   000D5
readbuffer@br1                           cstackBANK0   000DB
readbuffer@br2                           cstackBANK0   000DE
readbuffer@erase                         cstackBANK0   000D3
readbuffer@erase_1712                    cstackBANK0   000D5
readbuffer@erase_1713                    cstackBANK0   000D7
readbuffer@erase_1714                    cstackBANK0   000D9
readbuffer@g                             cstackBANK0   000DC
sendJsonDO@F9779                         bssBANK0      0006A
sendJsonDO@boardDO                       cstackBANK1   001DE
sendJsonDO@boardEC                       cstackBANK1   001E2
sendJsonDO@boardPH                       cstackBANK1   001E0
sendJsonDO@boardTDS                      cstackBANK1   001E4
sendJsonDO@bufferTEMPO                   cstackBANK1   001BC
sendJsonDO@erase                         cstackBANK1   001D6
sendJsonDO@erase_1454                    cstackBANK1   001D8
sendJsonDO@erase_1479                    cstackBANK1   001DA
sendJsonDO@erase_1497                    cstackBANK1   001DC
sendJsonDO@l                             cstackBANK1   001CE
sendJsonDO@l_1439                        cstackBANK1   001D0
sendJsonDO@l_1464                        cstackBANK1   001D2
sendJsonDO@l_1482                        cstackBANK1   001D4
sendJsonDO@nbdataI                       cstackBANK1   001C6
sendJsonDO@nbdataIEC                     cstackBANK1   001CA
sendJsonDO@nbdataIPH                     cstackBANK1   001C8
sendJsonDO@nbdataITDS                    cstackBANK1   001CC
send_char1USART@text1                    cstackBANK0   000C3
send_char2USART@text2                    cstackBANK0   000C3
sprintf@_val                             cstackBANK0   000D6
sprintf@ap                               cstackBANK0   000D3
sprintf@c                                cstackBANK0   000D5
sprintf@f                                cstackBANK0   000CA
sprintf@flag                             cstackBANK0   000D2
sprintf@sp                               cstackBANK0   000C8
stackhi                                  (abs)         00EAF
stacklo                                  (abs)         00DD4
start                                    init          000A2
start_initialization                     cinit         14C7A
strlen@cp                                cstackBANK0   000CC
strlen@s                                 cstackBANK0   000C8
usartConfig2@USART2config                cstackBANK0   000CA
usartConfig2@baudRate                    cstackBANK0   000C9
usartConfig@USART1config                 cstackBANK0   000CA
usartConfig@baudRate                     cstackBANK0   000C9
utoa@base                                cstackBANK0   000CE
utoa@buf                                 cstackBANK0   000CA
utoa@c                                   cstackBANK0   000D2
utoa@v                                   cstackBANK0   000D0
utoa@val                                 cstackBANK0   000CC
writeUsart1@datas1                       cstackBANK0   000CE
writeUsart1@lengh                        cstackBANK0   000D2
writeUsart1Trame@checksum                cstackBANK0   000D1
writeUsart1Trame@dataLengh               cstackBANK0   000CF
writeUsart1Trame@datas2                  cstackBANK0   000C4
writeUsart1Trame@datatime                cstackBANK0   000C6
writeUsart1Trame@id                      cstackBANK0   000C8
writeUsart1Trame@lengh                   cstackBANK0   000D3
writeUsart2@datas                        cstackBANK0   000CE
writeUsart2@lengh                        cstackBANK0   000D2


FUNCTION INFORMATION:

 *************** function _main *****************
 Defined at:
		line 23 in file "main.c"
 Parameters:    Size  Location     Type
  argc            2   40[BANK0 ] int 
  argv            3   42[BANK0 ] PTR PTR unsigned char 
 Auto vars:     Size  Location     Type
		None
 Return value:  Size  Location     Type
                  2   40[BANK0 ] int 
 Registers used:
		wreg, fsr0l, fsr0h, fsr1l, fsr1h, fsr1l, fsr1h, fsr2l, fsr2h, status,2, status,0, pclat, btemp, btemp+1, btemp+2, btemp+3, btemp+4, btemp+5, btemp+6, btemp+7, btemp+8, btemp+9, btemp+10, btemp+11, tosl, structret, tblptrl, tblptrh, tblptru, prodl, prodh, bsr, cstack
 Tracked objects:
		On entry : 
		On exit  : 
		Unchanged: 
 Data sizes:     COMRAM   BANK0   BANK1   BANK2   BANK3   BANK4   BANK5   BANK6   BANK7   BANK8   BANK9  BANK10  BANK11  BANK12  BANK13  BANK14
      Params:         0       5       0       0       0       0       0       0       0       0       0       0       0       0       0       0
      Locals:         0       0       0       0       0       0       0       0       0       0       0       0       0       0       0       0
      Temps:          0       1       0       0       0       0       0       0       0       0       0       0       0       0       0       0
      Totals:         0       6       0       0       0       0       0       0       0       0       0       0       0       0       0       0
Total ram usage:        6 bytes
 Hardware stack levels required when called:    7
 This function calls:
		_ClearMemory
		_POST
		_RtccInitClock
		_commun_initialisationRegistres
		_executeBuffer
		_firstStartGSM
		_initialisation_ActiverTimer0
		_readbuffer
		_sendGSM
		_startGSM
		_usartConfig
		_usartConfig2
		_writeUsart1
 This function is called by:
		Startup code after reset
 This function uses a non-reentrant model


 *************** function _writeUsart1 *****************
 Defined at:
		line 33 in file "usart.c"
 Parameters:    Size  Location     Type
  datas1          2   12[BANK0 ] PTR unsigned char 
		 -> STR_1(9), 
 Auto vars:     Size  Location     Type
  lengh           2   16[BANK0 ] int 
 Return value:  Size  Location     Type
		None               void
 Registers used:
		wreg, fsr0l, fsr0h, status,2, status,0, tblptrl, tblptrh, tblptru, cstack
 Tracked objects:
		On entry : 
		On exit  : 
		Unchanged: 
 Data sizes:     COMRAM   BANK0   BANK1   BANK2   BANK3   BANK4   BANK5   BANK6   BANK7   BANK8   BANK9  BANK10  BANK11  BANK12  BANK13  BANK14
      Params:         0       2       0       0       0       0       0       0       0       0       0       0       0       0       0       0
      Locals:         0       2       0       0       0       0       0       0       0       0       0       0       0       0       0       0
      Temps:          0       2       0       0       0       0       0       0       0       0       0       0       0       0       0       0
      Totals:         0       6       0       0       0       0       0       0       0       0       0       0       0       0       0       0
Total ram usage:        6 bytes
 Hardware stack levels used:    1
 Hardware stack levels required when called:    4
 This function calls:
		_Write1USART
		_strlen
 This function is called by:
		_main
 This function uses a non-reentrant model


 *************** function _usartConfig2 *****************
 Defined at:
		line 106 in file "main.c"
 Parameters:    Size  Location     Type
		None
 Auto vars:     Size  Location     Type
  USART2config    1    8[BANK0 ] unsigned char 
  baudRate        1    7[BANK0 ] unsigned char 
 Return value:  Size  Location     Type
		None               void
 Registers used:
		wreg, status,2, cstack
 Tracked objects:
		On entry : 
		On exit  : 
		Unchanged: 
 Data sizes:     COMRAM   BANK0   BANK1   BANK2   BANK3   BANK4   BANK5   BANK6   BANK7   BANK8   BANK9  BANK10  BANK11  BANK12  BANK13  BANK14
      Params:         0       0       0       0       0       0       0       0       0       0       0       0       0       0       0       0
      Locals:         0       2       0       0       0       0       0       0       0       0       0       0       0       0       0       0
      Temps:          0       1       0       0       0       0       0       0       0       0       0       0       0       0       0       0
      Totals:         0       3       0       0       0       0       0       0       0       0       0       0       0       0       0       0
Total ram usage:        3 bytes
 Hardware stack levels used:    1
 Hardware stack levels required when called:    4
 This function calls:
		_Open2USART
 This function is called by:
		_main
 This function uses a non-reentrant model


 *************** function _Open2USART *****************
 Defined at:
		line 118 in file "C:\Program Files (x86)\Microchip\xc8\v1.30\sources\pic18\plib\USART\u2open.c"
 Parameters:    Size  Location     Type
  config          1    wreg     unsigned char 
  spbrg           2    0[BANK0 ] unsigned int 
 Auto vars:     Size  Location     Type
  config          1    5[BANK0 ] unsigned char 
 Return value:  Size  Location     Type
		None               void
 Registers used:
		wreg, status,2
 Tracked objects:
		On entry : 
		On exit  : 
		Unchanged: 
 Data sizes:     COMRAM   BANK0   BANK1   BANK2   BANK3   BANK4   BANK5   BANK6   BANK7   BANK8   BANK9  BANK10  BANK11  BANK12  BANK13  BANK14
      Params:         0       2       0       0       0       0       0       0       0       0       0       0       0       0       0       0
      Locals:         0       1       0       0       0       0       0       0       0       0       0       0       0       0       0       0
      Temps:          0       3       0       0       0       0       0       0       0       0       0       0       0       0       0       0
      Totals:         0       6       0       0       0       0       0       0       0       0       0       0       0       0       0       0
Total ram usage:        6 bytes
 Hardware stack levels used:    1
 Hardware stack levels required when called:    3
 This function calls:
		Nothing
 This function is called by:
		_usartConfig2
 This function uses a non-reentrant model


 *************** function _usartConfig *****************
 Defined at:
		line 94 in file "main.c"
 Parameters:    Size  Location     Type
		None
 Auto vars:     Size  Location     Type
  USART1config    1    8[BANK0 ] unsigned char 
  baudRate        1    7[BANK0 ] unsigned char 
 Return value:  Size  Location     Type
		None               void
 Registers used:
		wreg, status,2, cstack
 Tracked objects:
		On entry : 
		On exit  : 
		Unchanged: 
 Data sizes:     COMRAM   BANK0   BANK1   BANK2   BANK3   BANK4   BANK5   BANK6   BANK7   BANK8   BANK9  BANK10  BANK11  BANK12  BANK13  BANK14
      Params:         0       0       0       0       0       0       0       0       0       0       0       0       0       0       0       0
      Locals:         0       2       0       0       0       0       0       0       0       0       0       0       0       0       0       0
      Temps:          0       1       0       0       0       0       0       0       0       0       0       0       0       0       0       0
      Totals:         0       3       0       0       0       0       0       0       0       0       0       0       0       0       0       0
Total ram usage:        3 bytes
 Hardware stack levels used:    1
 Hardware stack levels required when called:    4
 This function calls:
		_Open1USART
 This function is called by:
		_main
 This function uses a non-reentrant model


 *************** function _Open1USART *****************
 Defined at:
		line 124 in file "C:\Program Files (x86)\Microchip\xc8\v1.30\sources\pic18\plib\USART\u1open.c"
 Parameters:    Size  Location     Type
  config          1    wreg     unsigned char 
  spbrg           2    0[BANK0 ] unsigned int 
 Auto vars:     Size  Location     Type
  config          1    5[BANK0 ] unsigned char 
 Return value:  Size  Location     Type
		None               void
 Registers used:
		wreg, status,2
 Tracked objects:
		On entry : 
		On exit  : 
		Unchanged: 
 Data sizes:     COMRAM   BANK0   BANK1   BANK2   BANK3   BANK4   BANK5   BANK6   BANK7   BANK8   BANK9  BANK10  BANK11  BANK12  BANK13  BANK14
      Params:         0       2       0       0       0       0       0       0       0       0       0       0       0       0       0       0
      Locals:         0       1       0       0       0       0       0       0       0       0       0       0       0       0       0       0
      Temps:          0       3       0       0       0       0       0       0       0       0       0       0       0       0       0       0
      Totals:         0       6       0       0       0       0       0       0       0       0       0       0       0       0       0       0
Total ram usage:        6 bytes
 Hardware stack levels used:    1
 Hardware stack levels required when called:    3
 This function calls:
		Nothing
 This function is called by:
		_usartConfig
 This function uses a non-reentrant model


 *************** function _startGSM *****************
 Defined at:
		line 347 in file "GSM.c"
 Parameters:    Size  Location     Type
		None
 Auto vars:     Size  Location     Type
		None
 Return value:  Size  Location     Type
		None               void
 Registers used:
		wreg, fsr0l, fsr0h, status,2, status,0, tblptrl, tblptrh, tblptru, cstack
 Tracked objects:
		On entry : 
		On exit  : 
		Unchanged: 
 Data sizes:     COMRAM   BANK0   BANK1   BANK2   BANK3   BANK4   BANK5   BANK6   BANK7   BANK8   BANK9  BANK10  BANK11  BANK12  BANK13  BANK14
      Params:         0       0       0       0       0       0       0       0       0       0       0       0       0       0       0       0
      Locals:         0       0       0       0       0       0       0       0       0       0       0       0       0       0       0       0
      Temps:          0       1       0       0       0       0       0       0       0       0       0       0       0       0       0       0
      Totals:         0       1       0       0       0       0       0       0       0       0       0       0       0       0       0       0
Total ram usage:        1 bytes
 Hardware stack levels used:    1
 Hardware stack levels required when called:    5
 This function calls:
		_Write1USART
		_commun_delaiMS
		_send_cr
		_writeUsart2
 This function is called by:
		_main
 This function uses a non-reentrant model


 *************** function _sendGSM *****************
 Defined at:
		line 5 in file "GSM.c"
 Parameters:    Size  Location     Type
		None
 Auto vars:     Size  Location     Type
		None
 Return value:  Size  Location     Type
		None               void
 Registers used:
		wreg, fsr0l, fsr0h, status,2, status,0, tblptrl, tblptrh, tblptru, cstack
 Tracked objects:
		On entry : 
		On exit  : 
		Unchanged: 
 Data sizes:     COMRAM   BANK0   BANK1   BANK2   BANK3   BANK4   BANK5   BANK6   BANK7   BANK8   BANK9  BANK10  BANK11  BANK12  BANK13  BANK14
      Params:         0       0       0       0       0       0       0       0       0       0       0       0       0       0       0       0
      Locals:         0       0       0       0       0       0       0       0       0       0       0       0       0       0       0       0
      Temps:          0       1       0       0       0       0       0       0       0       0       0       0       0       0       0       0
      Totals:         0       1       0       0       0       0       0       0       0       0       0       0       0       0       0       0
Total ram usage:        1 bytes
 Hardware stack levels used:    1
 Hardware stack levels required when called:    6
 This function calls:
		_commun_delaiMS
		_writeUsart1Trame
 This function is called by:
		_main
 This function uses a non-reentrant model


 *************** function _readbuffer *****************
 Defined at:
		line 3 in file "bufferint.c"
 Parameters:    Size  Location     Type
		None
 Auto vars:     Size  Location     Type
  erase           2   23[BANK0 ] int 
  erase           2   21[BANK0 ] int 
  erase           2   19[BANK0 ] int 
  erase           2   17[BANK0 ] int 
  g               2   26[BANK0 ] int 
  br2             1   28[BANK0 ] unsigned char 
  br1             1   25[BANK0 ] unsigned char 
 Return value:  Size  Location     Type
		None               void
 Registers used:
		wreg, fsr0l, fsr0h, fsr2l, fsr2h, status,2, status,0, tblptrl, tblptrh, tblptru, prodl, prodh, cstack
 Tracked objects:
		On entry : 
		On exit  : 
		Unchanged: 
 Data sizes:     COMRAM   BANK0   BANK1   BANK2   BANK3   BANK4   BANK5   BANK6   BANK7   BANK8   BANK9  BANK10  BANK11  BANK12  BANK13  BANK14
      Params:         0       0       0       0       0       0       0       0       0       0       0       0       0       0       0       0
      Locals:         0      12       0       0       0       0       0       0       0       0       0       0       0       0       0       0
      Temps:          0       5       0       0       0       0       0       0       0       0       0       0       0       0       0       0
      Totals:         0      17       0       0       0       0       0       0       0       0       0       0       0       0       0       0
Total ram usage:       17 bytes
 Hardware stack levels used:    1
 Hardware stack levels required when called:    4
 This function calls:
		_Write1USART
		___wmul
		_strlen
 This function is called by:
		_main
 This function uses a non-reentrant model


 *************** function _initialisation_ActiverTimer0 *****************
 Defined at:
		line 42 in file "commun.c"
 Parameters:    Size  Location     Type
		None
 Auto vars:     Size  Location     Type
		None
 Return value:  Size  Location     Type
		None               void
 Registers used:
		wreg, status,2
 Tracked objects:
		On entry : 
		On exit  : 
		Unchanged: 
 Data sizes:     COMRAM   BANK0   BANK1   BANK2   BANK3   BANK4   BANK5   BANK6   BANK7   BANK8   BANK9  BANK10  BANK11  BANK12  BANK13  BANK14
      Params:         0       0       0       0       0       0       0       0       0       0       0       0       0       0       0       0
      Locals:         0       0       0       0       0       0       0       0       0       0       0       0       0       0       0       0
      Temps:          0       0       0       0       0       0       0       0       0       0       0       0       0       0       0       0
      Totals:         0       0       0       0       0       0       0       0       0       0       0       0       0       0       0       0
Total ram usage:        0 bytes
 Hardware stack levels used:    1
 Hardware stack levels required when called:    3
 This function calls:
		Nothing
 This function is called by:
		_main
 This function uses a non-reentrant model


 *************** function _firstStartGSM *****************
 Defined at:
		line 125 in file "main.c"
 Parameters:    Size  Location     Type
		None
 Auto vars:     Size  Location     Type
		None
 Return value:  Size  Location     Type
		None               void
 Registers used:
		wreg, status,2
 Tracked objects:
		On entry : 
		On exit  : 
		Unchanged: 
 Data sizes:     COMRAM   BANK0   BANK1   BANK2   BANK3   BANK4   BANK5   BANK6   BANK7   BANK8   BANK9  BANK10  BANK11  BANK12  BANK13  BANK14
      Params:         0       0       0       0       0       0       0       0       0       0       0       0       0       0       0       0
      Locals:         0       0       0       0       0       0       0       0       0       0       0       0       0       0       0       0
      Temps:          0       1       0       0       0       0       0       0       0       0       0       0       0       0       0       0
      Totals:         0       1       0       0       0       0       0       0       0       0       0       0       0       0       0       0
Total ram usage:        1 bytes
 Hardware stack levels used:    1
 Hardware stack levels required when called:    3
 This function calls:
		Nothing
 This function is called by:
		_main
 This function uses a non-reentrant model


 *************** function _executeBuffer *****************
 Defined at:
		line 255 in file "bufferint.c"
 Parameters:    Size  Location     Type
		None
 Auto vars:     Size  Location     Type
  y               2   19[BANK0 ] int 
  w               2   17[BANK0 ] int 
 Return value:  Size  Location     Type
		None               void
 Registers used:
		wreg, fsr0l, fsr0h, fsr1l, fsr1h, fsr2l, fsr2h, status,2, status,0, tblptrl, tblptrh, tblptru, prodl, prodh, cstack
 Tracked objects:
		On entry : 
		On exit  : 
		Unchanged: 
 Data sizes:     COMRAM   BANK0   BANK1   BANK2   BANK3   BANK4   BANK5   BANK6   BANK7   BANK8   BANK9  BANK10  BANK11  BANK12  BANK13  BANK14
      Params:         0       0       0       0       0       0       0       0       0       0       0       0       0       0       0       0
      Locals:         0       4       0       0       0       0       0       0       0       0       0       0       0       0       0       0
      Temps:          0       5       0       0       0       0       0       0       0       0       0       0       0       0       0       0
      Totals:         0       9       0       0       0       0       0       0       0       0       0       0       0       0       0       0
Total ram usage:        9 bytes
 Hardware stack levels used:    1
 Hardware stack levels required when called:    4
 This function calls:
		_Write1USART
		___wmul
		_strlen
 This function is called by:
		_main
 This function uses a non-reentrant model


 *************** function _commun_initialisationRegistres *****************
 Defined at:
		line 7 in file "commun.c"
 Parameters:    Size  Location     Type
		None
 Auto vars:     Size  Location     Type
		None
 Return value:  Size  Location     Type
		None               void
 Registers used:
		None
 Tracked objects:
		On entry : 
		On exit  : 
		Unchanged: 
 Data sizes:     COMRAM   BANK0   BANK1   BANK2   BANK3   BANK4   BANK5   BANK6   BANK7   BANK8   BANK9  BANK10  BANK11  BANK12  BANK13  BANK14
      Params:         0       0       0       0       0       0       0       0       0       0       0       0       0       0       0       0
      Locals:         0       0       0       0       0       0       0       0       0       0       0       0       0       0       0       0
      Temps:          0       0       0       0       0       0       0       0       0       0       0       0       0       0       0       0
      Totals:         0       0       0       0       0       0       0       0       0       0       0       0       0       0       0       0
Total ram usage:        0 bytes
 Hardware stack levels used:    1
 Hardware stack levels required when called:    3
 This function calls:
		Nothing
 This function is called by:
		_main
 This function uses a non-reentrant model


 *************** function _RtccInitClock *****************
 Defined at:
		line 21 in file "C:\Program Files (x86)\Microchip\xc8\v1.30\sources\pic18\plib\rtcc\RTCCInitClock.c"
 Parameters:    Size  Location     Type
		None
 Auto vars:     Size  Location     Type
		None
 Return value:  Size  Location     Type
		None               void
 Registers used:
		wreg, status,2, cstack
 Tracked objects:
		On entry : 
		On exit  : 
		Unchanged: 
 Data sizes:     COMRAM   BANK0   BANK1   BANK2   BANK3   BANK4   BANK5   BANK6   BANK7   BANK8   BANK9  BANK10  BANK11  BANK12  BANK13  BANK14
      Params:         0       0       0       0       0       0       0       0       0       0       0       0       0       0       0       0
      Locals:         0       0       0       0       0       0       0       0       0       0       0       0       0       0       0       0
      Temps:          0       0       0       0       0       0       0       0       0       0       0       0       0       0       0       0
      Totals:         0       0       0       0       0       0       0       0       0       0       0       0       0       0       0       0
Total ram usage:        0 bytes
 Hardware stack levels used:    1
 Hardware stack levels required when called:    4
 This function calls:
		_RtccWrOn
 This function is called by:
		_main
 This function uses a non-reentrant model


 *************** function _RtccWrOn *****************
 Defined at:
		line 21 in file "C:\Program Files (x86)\Microchip\xc8\v1.30\sources\pic18\plib\rtcc\RtccWrOn.c"
 Parameters:    Size  Location     Type
		None
 Auto vars:     Size  Location     Type
  data            2    0        unsigned int 
 Return value:  Size  Location     Type
		None               void
 Registers used:
		wreg, status,2
 Tracked objects:
		On entry : 
		On exit  : 
		Unchanged: 
 Data sizes:     COMRAM   BANK0   BANK1   BANK2   BANK3   BANK4   BANK5   BANK6   BANK7   BANK8   BANK9  BANK10  BANK11  BANK12  BANK13  BANK14
      Params:         0       0       0       0       0       0       0       0       0       0       0       0       0       0       0       0
      Locals:         0       0       0       0       0       0       0       0       0       0       0       0       0       0       0       0
      Temps:          0       0       0       0       0       0       0       0       0       0       0       0       0       0       0       0
      Totals:         0       0       0       0       0       0       0       0       0       0       0       0       0       0       0       0
Total ram usage:        0 bytes
 Hardware stack levels used:    1
 Hardware stack levels required when called:    3
 This function calls:
		Nothing
 This function is called by:
		_RtccInitClock
 This function uses a non-reentrant model


 *************** function _POST *****************
 Defined at:
		line 18 in file "GSM.c"
 Parameters:    Size  Location     Type
		None
 Auto vars:     Size  Location     Type
  erase           2   36[BANK0 ] int 
  v               2   38[BANK0 ] int 
  STrLenghC       4   30[BANK0 ] unsigned char [4]
  STrLenghI       2   34[BANK0 ] int 
 Return value:  Size  Location     Type
		None               void
 Registers used:
		wreg, fsr0l, fsr0h, fsr1l, fsr1h, fsr1l, fsr1h, fsr2l, fsr2h, status,2, status,0, pclat, btemp, btemp+1, btemp+2, btemp+3, btemp+4, btemp+5, btemp+6, btemp+7, btemp+8, btemp+9, btemp+10, btemp+11, tosl, structret, tblptrl, tblptrh, tblptru, prodl, prodh, bsr, cstack
 Tracked objects:
		On entry : 
		On exit  : 
		Unchanged: 
 Data sizes:     COMRAM   BANK0   BANK1   BANK2   BANK3   BANK4   BANK5   BANK6   BANK7   BANK8   BANK9  BANK10  BANK11  BANK12  BANK13  BANK14
      Params:         0       0       0       0       0       0       0       0       0       0       0       0       0       0       0       0
      Locals:         0      10       0       0       0       0       0       0       0       0       0       0       0       0       0       0
      Temps:          0       1       0       0       0       0       0       0       0       0       0       0       0       0       0       0
      Totals:         0      11       0       0       0       0       0       0       0       0       0       0       0       0       0       0
Total ram usage:       11 bytes
 Hardware stack levels used:    1
 Hardware stack levels required when called:    6
 This function calls:
		_commun_delaiMS
		_itoa
		_sendJsonDO
		_send_char2USART
		_send_cr
		_strlen
		_writeUsart1Trame
		_writeUsart2
 This function is called by:
		_main
 This function uses a non-reentrant model


 *************** function _writeUsart2 *****************
 Defined at:
		line 23 in file "usart.c"
 Parameters:    Size  Location     Type
  datas           2   12[BANK0 ] PTR unsigned char 
		 -> STR_123(12), STR_122(12), STR_121(16), STR_120(58), 
		 -> STR_119(45), STR_118(20), STR_117(12), STR_116(13), 
		 -> STR_115(25), STR_114(26), STR_113(28), STR_112(12), 
		 -> STR_111(12), STR_8(16), STR_7(6), STR_6(13), 
		 -> dataToSend(1500), POST@STrLenghC(4), STR_5(9), 
 Auto vars:     Size  Location     Type
  lengh           2   16[BANK0 ] int 
 Return value:  Size  Location     Type
		None               void
 Registers used:
		wreg, fsr0l, fsr0h, status,2, status,0, tblptrl, tblptrh, tblptru, cstack
 Tracked objects:
		On entry : 
		On exit  : 
		Unchanged: 
 Data sizes:     COMRAM   BANK0   BANK1   BANK2   BANK3   BANK4   BANK5   BANK6   BANK7   BANK8   BANK9  BANK10  BANK11  BANK12  BANK13  BANK14
      Params:         0       2       0       0       0       0       0       0       0       0       0       0       0       0       0       0
      Locals:         0       2       0       0       0       0       0       0       0       0       0       0       0       0       0       0
      Temps:          0       2       0       0       0       0       0       0       0       0       0       0       0       0       0       0
      Totals:         0       6       0       0       0       0       0       0       0       0       0       0       0       0       0       0
Total ram usage:        6 bytes
 Hardware stack levels used:    1
 Hardware stack levels required when called:    4
 This function calls:
		_Write2USART
		_strlen
 This function is called by:
		_POST
		_startGSM
		_GET
		_CloseGSM
 This function uses a non-reentrant model


 *************** function _writeUsart1Trame *****************
 Defined at:
		line 47 in file "usart.c"
 Parameters:    Size  Location     Type
  datas2          2    2[BANK0 ] PTR unsigned char 
		 -> CtoS(2), STR_4(2), STR_3(2), STR_2(2), 
  datatime        2    4[BANK0 ] unsigned int 
  id              2    6[BANK0 ] int 
 Auto vars:     Size  Location     Type
  lengh           2   17[BANK0 ] int 
  checksum        2   15[BANK0 ] int 
  dataLengh       2   13[BANK0 ] int 
 Return value:  Size  Location     Type
		None               void
 Registers used:
		wreg, fsr0l, fsr0h, status,2, status,0, tblptrl, tblptrh, tblptru, cstack
 Tracked objects:
		On entry : 
		On exit  : 
		Unchanged: 
 Data sizes:     COMRAM   BANK0   BANK1   BANK2   BANK3   BANK4   BANK5   BANK6   BANK7   BANK8   BANK9  BANK10  BANK11  BANK12  BANK13  BANK14
      Params:         0       6       0       0       0       0       0       0       0       0       0       0       0       0       0       0
[...]
 Registers used:
		wreg, status,2, status,0
 Tracked objects:
		On entry : 
		On exit  : 
		Unchanged: 
 Data sizes:     COMRAM   BANK0   BANK1   BANK2   BANK3   BANK4   BANK5   BANK6   BANK7   BANK8   BANK9  BANK10  BANK11  BANK12  BANK13  BANK14
      Params:         0       4       0       0       0       0       0       0       0       0       0       0       0       0       0       0
      Locals:         0       1       0       0       0       0       0       0       0       0       0       0       0       0       0       0
      Temps:          0       1       0       0       0       0       0       0       0       0       0       0       0       0       0       0
      Totals:         0       6       0       0       0       0       0       0       0       0       0       0       0       0       0       0
Total ram usage:        6 bytes
 Hardware stack levels used:    1
 Hardware stack levels required when called:    3
 This function calls:
		Nothing
 This function is called by:
		_utoa
 This function uses a non-reentrant model


 *************** function _commun_delaiMS *****************
 Defined at:
		line 35 in file "commun.c"
 Parameters:    Size  Location     Type
  ms              2    8[BANK0 ] unsigned int 
 Auto vars:     Size  Location     Type
  i               2   11[BANK0 ] unsigned int 
 Return value:  Size  Location     Type
		None               void
 Registers used:
		wreg, status,2, status,0, cstack
 Tracked objects:
		On entry : 
		On exit  : 
		Unchanged: 
 Data sizes:     COMRAM   BANK0   BANK1   BANK2   BANK3   BANK4   BANK5   BANK6   BANK7   BANK8   BANK9  BANK10  BANK11  BANK12  BANK13  BANK14
      Params:         0       2       0       0       0       0       0       0       0       0       0       0       0       0       0       0
      Locals:         0       2       0       0       0       0       0       0       0       0       0       0       0       0       0       0
      Temps:          0       1       0       0       0       0       0       0       0       0       0       0       0       0       0       0
      Totals:         0       5       0       0       0       0       0       0       0       0       0       0       0       0       0       0
Total ram usage:        5 bytes
 Hardware stack levels used:    1
 Hardware stack levels required when called:    4
 This function calls:
		___lwdiv
 This function is called by:
		_sendGSM
		_POST
		_startGSM
 This function uses a non-reentrant model


 *************** function ___lwdiv *****************
 Defined at:
		line 8 in file "C:\Program Files (x86)\Microchip\xc8\v1.30\sources\common\lwdiv.c"
 Parameters:    Size  Location     Type
  dividend        2    0[BANK0 ] unsigned int 
  divisor         2    2[BANK0 ] unsigned int 
 Auto vars:     Size  Location     Type
  quotient        2    6[BANK0 ] unsigned int 
  counter         1    5[BANK0 ] unsigned char 
 Return value:  Size  Location     Type
                  2    0[BANK0 ] unsigned int 
 Registers used:
		wreg, status,2, status,0
 Tracked objects:
		On entry : 
		On exit  : 
		Unchanged: 
 Data sizes:     COMRAM   BANK0   BANK1   BANK2   BANK3   BANK4   BANK5   BANK6   BANK7   BANK8   BANK9  BANK10  BANK11  BANK12  BANK13  BANK14
      Params:         0       4       0       0       0       0       0       0       0       0       0       0       0       0       0       0
      Locals:         0       3       0       0       0       0       0       0       0       0       0       0       0       0       0       0
      Temps:          0       1       0       0       0       0       0       0       0       0       0       0       0       0       0       0
      Totals:         0       8       0       0       0       0       0       0       0       0       0       0       0       0       0       0
Total ram usage:        8 bytes
 Hardware stack levels used:    1
 Hardware stack levels required when called:    3
 This function calls:
		Nothing
 This function is called by:
		_commun_delaiMS
		_utoa
 This function uses a non-reentrant model


 *************** function _ClearMemory *****************
 Defined at:
		line 138 in file "main.c"
 Parameters:    Size  Location     Type
		None
 Auto vars:     Size  Location     Type
  erase           2   22[BANK0 ] int 
  erase           2   20[BANK0 ] int 
  erase           2   18[BANK0 ] int 
  erase           2   16[BANK0 ] int 
  g               2   24[BANK0 ] int 
 Return value:  Size  Location     Type
		None               void
 Registers used:
		wreg, fsr0l, fsr0h, fsr2l, fsr2h, status,2, status,0, tblptrl, tblptrh, tblptru, prodl, prodh, cstack
 Tracked objects:
		On entry : 
		On exit  : 
		Unchanged: 
 Data sizes:     COMRAM   BANK0   BANK1   BANK2   BANK3   BANK4   BANK5   BANK6   BANK7   BANK8   BANK9  BANK10  BANK11  BANK12  BANK13  BANK14
      Params:         0       0       0       0       0       0       0       0       0       0       0       0       0       0       0       0
      Locals:         0      10       0       0       0       0       0       0       0       0       0       0       0       0       0       0
      Temps:          0       4       0       0       0       0       0       0       0       0       0       0       0       0       0       0
      Totals:         0      14       0       0       0       0       0       0       0       0       0       0       0       0       0       0
Total ram usage:       14 bytes
 Hardware stack levels used:    1
 Hardware stack levels required when called:    4
 This function calls:
		___wmul
		_strlen
 This function is called by:
		_main
 This function uses a non-reentrant model


 *************** function _strlen *****************
 Defined at:
		line 4 in file "C:\Program Files (x86)\Microchip\xc8\v1.30\sources\common\strlen.c"
 Parameters:    Size  Location     Type
  s               2    6[BANK0 ] PTR const unsigned char 
		 -> trameToParse(30), STR_123(12), STR_122(12), STR_121(16), 
		 -> STR_120(58), STR_119(45), STR_118(20), STR_117(12), 
		 -> STR_116(13), STR_115(25), STR_114(26), STR_113(28), 
		 -> STR_112(12), STR_111(12), STrLengh@bufferTEMPO(10), STR_8(16), 
		 -> STR_7(6), STR_6(13), dataToSend(1500), POST@STrLenghC(4), 
		 -> STR_5(9), my_FrameReceived.receivedFrameTDS(5), my_FrameReceived.receivedFrameEC(5), my_FrameReceived.receivedFramePH(5), 
		 -> my_FrameReceived.receivedFrameDO(5), my_FrameReceived(1400), STR_1(9), 
 Auto vars:     Size  Location     Type
  cp              2   10[BANK0 ] PTR const unsigned char 
		 -> trameToParse(30), STR_123(12), STR_122(12), STR_121(16), 
		 -> STR_120(58), STR_119(45), STR_118(20), STR_117(12), 
		 -> STR_116(13), STR_115(25), STR_114(26), STR_113(28), 
		 -> STR_112(12), STR_111(12), STrLengh@bufferTEMPO(10), STR_8(16), 
		 -> STR_7(6), STR_6(13), dataToSend(1500), POST@STrLenghC(4), 
		 -> STR_5(9), my_FrameReceived.receivedFrameTDS(5), my_FrameReceived.receivedFrameEC(5), my_FrameReceived.receivedFramePH(5), 
		 -> my_FrameReceived.receivedFrameDO(5), my_FrameReceived(1400), STR_1(9), 
 Return value:  Size  Location     Type
                  2    6[BANK0 ] unsigned int 
 Registers used:
		wreg, fsr0l, fsr0h, status,2, status,0, tblptrl, tblptrh, tblptru
 Tracked objects:
		On entry : 
		On exit  : 
		Unchanged: 
 Data sizes:     COMRAM   BANK0   BANK1   BANK2   BANK3   BANK4   BANK5   BANK6   BANK7   BANK8   BANK9  BANK10  BANK11  BANK12  BANK13  BANK14
      Params:         0       2       0       0       0       0       0       0       0       0       0       0       0       0       0       0
      Locals:         0       2       0       0       0       0       0       0       0       0       0       0       0       0       0       0
      Temps:          0       2       0       0       0       0       0       0       0       0       0       0       0       0       0       0
      Totals:         0       6       0       0       0       0       0       0       0       0       0       0       0       0       0       0
Total ram usage:        6 bytes
 Hardware stack levels used:    1
 Hardware stack levels required when called:    3
 This function calls:
		Nothing
 This function is called by:
		_ClearMemory
		_POST
		_readbuffer
		_executeBuffer
		_writeUsart2
		_writeUsart1
		_STrLengh
 This function uses a non-reentrant model


 *************** function ___wmul *****************
 Defined at:
		line 4 in file "C:\Program Files (x86)\Microchip\xc8\v1.30\sources\common\wmul.c"
 Parameters:    Size  Location     Type
  multiplier      2    0[BANK0 ] unsigned int 
  multiplicand    2    2[BANK0 ] unsigned int 
 Auto vars:     Size  Location     Type
  product         2    4[BANK0 ] unsigned int 
 Return value:  Size  Location     Type
                  2    0[BANK0 ] unsigned int 
 Registers used:
		wreg, status,2, status,0, prodl, prodh
 Tracked objects:
		On entry : 
		On exit  : 
		Unchanged: 
 Data sizes:     COMRAM   BANK0   BANK1   BANK2   BANK3   BANK4   BANK5   BANK6   BANK7   BANK8   BANK9  BANK10  BANK11  BANK12  BANK13  BANK14
      Params:         0       4       0       0       0       0       0       0       0       0       0       0       0       0       0       0
      Locals:         0       2       0       0       0       0       0       0       0       0       0       0       0       0       0       0
      Temps:          0       0       0       0       0       0       0       0       0       0       0       0       0       0       0       0
      Totals:         0       6       0       0       0       0       0       0       0       0       0       0       0       0       0       0
Total ram usage:        6 bytes
 Hardware stack levels used:    1
 Hardware stack levels required when called:    3
 This function calls:
		Nothing
 This function is called by:
		_ClearMemory
		_sendJsonDO
		_readbuffer
		_executeBuffer
		_STrLengh
 This function uses a non-reentrant model


 *************** function _low_isr *****************
 Defined at:
		line 58 in file "interrupts.c"
 Parameters:    Size  Location     Type
		None
 Auto vars:     Size  Location     Type
		None
 Return value:  Size  Location     Type
		None               void
 Registers used:
		None
 Tracked objects:
		On entry : 
		On exit  : 
		Unchanged: 
 Data sizes:     COMRAM   BANK0   BANK1   BANK2   BANK3   BANK4   BANK5   BANK6   BANK7   BANK8   BANK9  BANK10  BANK11  BANK12  BANK13  BANK14
      Params:         0       0       0       0       0       0       0       0       0       0       0       0       0       0       0       0
      Locals:         0       0       0       0       0       0       0       0       0       0       0       0       0       0       0       0
      Temps:         17       0       0       0       0       0       0       0       0       0       0       0       0       0       0       0
      Totals:        17       0       0       0       0       0       0       0       0       0       0       0       0       0       0       0
Total ram usage:       17 bytes
 Hardware stack levels used:    1
 Hardware stack levels required when called:    2
 This function calls:
		Nothing
 This function is called by:
		Interrupt level 1
 This function uses a non-reentrant model


 *************** function _high_isr *****************
 Defined at:
		line 14 in file "interrupts.c"
 Parameters:    Size  Location     Type
		None
 Auto vars:     Size  Location     Type
		None
 Return value:  Size  Location     Type
		None               void
 Registers used:
		wreg, fsr2l, fsr2h, status,2, status,0, cstack
 Tracked objects:
		On entry : 
		On exit  : 
		Unchanged: 
 Data sizes:     COMRAM   BANK0   BANK1   BANK2   BANK3   BANK4   BANK5   BANK6   BANK7   BANK8   BANK9  BANK10  BANK11  BANK12  BANK13  BANK14
      Params:         0       0       0       0       0       0       0       0       0       0       0       0       0       0       0       0
      Locals:         0       0       0       0       0       0       0       0       0       0       0       0       0       0       0       0
      Temps:         14       0       0       0       0       0       0       0       0       0       0       0       0       0       0       0
      Totals:        14       0       0       0       0       0       0       0       0       0       0       0       0       0       0       0
Total ram usage:       14 bytes
 Hardware stack levels used:    1
 Hardware stack levels required when called:    1
 This function calls:
		_Read1USART
		_Read2USART
 This function is called by:
		Interrupt level 2
 This function uses a non-reentrant model


 *************** function _Read2USART *****************
 Defined at:
		line 17 in file "C:\Program Files (x86)\Microchip\xc8\v1.30\sources\pic18\plib\USART\u2read.c"
 Parameters:    Size  Location     Type
		None
 Auto vars:     Size  Location     Type
  data            1   17[COMRAM] unsigned char 
 Return value:  Size  Location     Type
                  1    wreg      unsigned char 
 Registers used:
		wreg, status,2, status,0
 Tracked objects:
		On entry : 
		On exit  : 
		Unchanged: 
 Data sizes:     COMRAM   BANK0   BANK1   BANK2   BANK3   BANK4   BANK5   BANK6   BANK7   BANK8   BANK9  BANK10  BANK11  BANK12  BANK13  BANK14
      Params:         0       0       0       0       0       0       0       0       0       0       0       0       0       0       0       0
      Locals:         1       0       0       0       0       0       0       0       0       0       0       0       0       0       0       0
      Temps:          0       0       0       0       0       0       0       0       0       0       0       0       0       0       0       0
      Totals:         1       0       0       0       0       0       0       0       0       0       0       0       0       0       0       0
Total ram usage:        1 bytes
 Hardware stack levels used:    1
 This function calls:
		Nothing
 This function is called by:
		_high_isr
 This function uses a non-reentrant model


 *************** function _Read1USART *****************
 Defined at:
		line 17 in file "C:\Program Files (x86)\Microchip\xc8\v1.30\sources\pic18\plib\USART\u1read.c"
 Parameters:    Size  Location     Type
		None
 Auto vars:     Size  Location     Type
  data            1   17[COMRAM] unsigned char 
 Return value:  Size  Location     Type
                  1    wreg      unsigned char 
 Registers used:
		wreg, status,2, status,0
 Tracked objects:
		On entry : 
		On exit  : 
		Unchanged: 
 Data sizes:     COMRAM   BANK0   BANK1   BANK2   BANK3   BANK4   BANK5   BANK6   BANK7   BANK8   BANK9  BANK10  BANK11  BANK12  BANK13  BANK14
      Params:         0       0       0       0       0       0       0       0       0       0       0       0       0       0       0       0
      Locals:         1       0       0       0       0       0       0       0       0       0       0       0       0       0       0       0
      Temps:          0       0       0       0       0       0       0       0       0       0       0       0       0       0       0       0
      Totals:         1       0       0       0       0       0       0       0       0       0       0       0       0       0       0       0
Total ram usage:        1 bytes
 Hardware stack levels used:    1
 This function calls:
		Nothing
 This function is called by:
		_high_isr
 This function uses a non-reentrant model



MODULE INFORMATION

Module		Function		Class		Link	Load	Size
C:\Program Files (x86)\Microchip\xc8\v1.30\sources\common\lwdiv.c
		___lwdiv       		CODE           	14940	0000	170

C:\Program Files (x86)\Microchip\xc8\v1.30\sources\common\lwdiv.c estimated size: 170

C:\Program Files (x86)\Microchip\xc8\v1.30\sources\pic18\plib\USART\u1open.c
		_Open1USART    		CODE           	14B7E	0000	128

C:\Program Files (x86)\Microchip\xc8\v1.30\sources\pic18\plib\USART\u1open.c estimated size: 128

C:\Program Files (x86)\Microchip\xc8\v1.30\sources\pic18\plib\USART\u2open.c
		_Open2USART    		CODE           	14A74	0000	134

C:\Program Files (x86)\Microchip\xc8\v1.30\sources\pic18\plib\USART\u2open.c estimated size: 134

GSM.c
		_startGSM      		CODE           	133E2	0000	1500
		_POST          		CODE           	12DE8	0000	1530
		_sendJsonDO    		CODE           	10000	0000	5764
		_sendGSM       		CODE           	147AE	0000	210

GSM.c estimated size: 9004

C:\Program Files (x86)\Microchip\xc8\v1.30\sources\pic18\plib\rtcc\RtccWrOn.c
		_RtccWrOn      		CODE           	14F8A	0000	20

C:\Program Files (x86)\Microchip\xc8\v1.30\sources\pic18\plib\rtcc\RtccWrOn.c estimated size: 20

C:\Program Files (x86)\Microchip\xc8\v1.30\sources\common\wmul.c
		___wmul        		CODE           	14DD2	0000	98

C:\Program Files (x86)\Microchip\xc8\v1.30\sources\common\wmul.c estimated size: 98

shared
		__stringdata   		MEDIUMCONST    	FD91	0000	622
		__initializatio		CODE           	14C7A	0000	110

shared estimated size: 732

bufferint.c
		_executeBuffer 		CODE           	1233C	0000	2732
		_readbuffer    		CODE           	11684	0000	3256

bufferint.c estimated size: 5988

C:\Program Files (x86)\Microchip\xc8\v1.30\sources\common\doprnt.c
		_sprintf       		CODE           	1435C	0000	378

C:\Program Files (x86)\Microchip\xc8\v1.30\sources\common\doprnt.c estimated size: 378

commun.c
		_commun_delaiMS		CODE           	14E34	0000	96
		_initialisation		CODE           	14F10	0000	34
		_commun_initial		CODE           	14F6E	0000	28

commun.c estimated size: 158

C:\Program Files (x86)\Microchip\xc8\v1.30\sources\common\itoa.c
		_itoa          		CODE           	14D62	0000	112
		_utoa          		CODE           	146D4	0000	218

C:\Program Files (x86)\Microchip\xc8\v1.30\sources\common\itoa.c estimated size: 330

main.c
		_usartConfig   		CODE           	14E94	0000	78
		_usartConfig2  		CODE           	14CEE	0000	116
		_main          		CODE           	141DE	0000	382
		_ClearMemory   		CODE           	139BE	0000	1428
		_firstStartGSM 		CODE           	14AFA	0000	132

main.c estimated size: 2136

C:\Program Files (x86)\Microchip\xc8\v1.30\sources\pic18\plib\USART\u1write.c
		_Write1USART   		CODE           	14FB2	0000	20

C:\Program Files (x86)\Microchip\xc8\v1.30\sources\pic18\plib\USART\u1write.c estimated size: 20

interrupts.c
		_high_isr      		CODE           	0008	0000	83418
		_low_isr       		CODE           	0018	0000	138

interrupts.c estimated size: 83556

C:\Program Files (x86)\Microchip\xc8\v1.30\sources\pic18\plib\USART\u2write.c
		_Write2USART   		CODE           	14FDA	0000	20

C:\Program Files (x86)\Microchip\xc8\v1.30\sources\pic18\plib\USART\u2write.c estimated size: 20

C:\Program Files (x86)\Microchip\xc8\v1.30\sources\pic18\plib\rtcc\RTCCInitClock.c
		_RtccInitClock 		CODE           	14EE2	0000	46

C:\Program Files (x86)\Microchip\xc8\v1.30\sources\pic18\plib\rtcc\RTCCInitClock.c estimated size: 46

C:\Program Files (x86)\Microchip\xc8\v1.30\sources\common\strlen.c
		_strlen        		CODE           	14BFE	0000	124

C:\Program Files (x86)\Microchip\xc8\v1.30\sources\common\strlen.c estimated size: 124

C:\Program Files (x86)\Microchip\xc8\v1.30\sources\pic18\plib\USART\u1read.c
		_Read1USART    		CODE           	14F50	0000	30

C:\Program Files (x86)\Microchip\xc8\v1.30\sources\pic18\plib\USART\u1read.c estimated size: 30

C:\Program Files (x86)\Microchip\xc8\v1.30\sources\pic18\plib\USART\u2read.c
		_Read2USART    		CODE           	14F32	0000	30

C:\Program Files (x86)\Microchip\xc8\v1.30\sources\pic18\plib\USART\u2read.c estimated size: 30

C:\Program Files (x86)\Microchip\xc8\v1.30\sources\common\lwmod.c
		___lwmod       		CODE           	149EA	0000	138

C:\Program Files (x86)\Microchip\xc8\v1.30\sources\common\lwmod.c estimated size: 138

usart.c
		_writeUsart1   		CODE           	145E2	0000	242
		_writeUsart2   		CODE           	14880	0000	192
		_writeUsart1Tra		CODE           	13F52	0000	652
		_send_char1USAR		CODE           	14F9E	0000	20
		_send_char2USAR		CODE           	14FC6	0000	20
		_send_cr       		CODE           	14FEE	0000	12

usart.c estimated size: 1138

